firstname: 'John Doe Money'
lastname: null
email: john.money@example.com
phone: null
address1: null
address2: null
city: null
state: null
country: null
zipcode: null
