txnid: unique-transaction
amount: 100.0
productinfo: Product
