firstname: 'John Doe'
lastname: null
email: john@example.com
phone: null
address1: null
address2: null
city: null
state: null
country: null
zipcode: null
