firstname: 'John Doe Morphed'
lastname: null
email: john.morphed@example.com
phone: null
address1: null
address2: null
city: null
state: null
country: null
zipcode: null
