txnid: unique-morphed-transaction
amount: !!float 100
productinfo: Product
