txnid: unique-money-transaction
amount: !!float 100
productinfo: Product
