txnid: unique-transaction
amount: !!float 100
productinfo: Product
