<!DOCTYPE html>
<html lang="en">
<head>
    <title>Please wait...</title>
    <style type="text/css">
        body, html {
            width:100%;
            height:100%;
            margin:0;
            padding:0;
            position: relative;
            -webkit-box-sizing: border-box;
            -moz-box-sizing: border-box;
            box-sizing: border-box;
        }
        .loader {
            width: 100px;
            height: 100px;
            position: relative;
            margin:0 auto;
        }
        .loader .logo {
            width: 45%;
            position: absolute;
            left: 27.5%;
            top: 27.5%;
        }
        .table {
            display: table;
            width:100%;
            height:100%;
        }
        .table-cell {
            display: table-cell;
            vertical-align: middle;
        }
        .bounce1, .bounce2, .bounce3 {
            width: 100%;
            height: 100%;
            border-radius: 50%;
            background-color: #54AF58;
            opacity: 0.7;
            position: absolute;
            top: 0;
            left: 0;
            -webkit-animation: spreadout 2.7s infinite ease-in-out;
            animation: spreadout 2.7s infinite ease-in-out;
        }
        .bounce2 {
            -webkit-animation-delay: -0.9s;
            animation-delay: -0.9s;
        }
        .bounce3 {
            -webkit-animation-delay: -1.8s;
            animation-delay: -1.8s;
        }
        @-webkit-keyframes spreadout {
            0% {
                -webkit-transform: scale(0.3);
            }
            80% {
                -webkit-transform: scale(1);
            }
            100% {
                opacity: 0;
            }
        }
        @keyframes  spreadout {
            0% {
                -webkit-transform: scale(0.3);
                transform: scale(0.3);
            }
            80% {
                -webkit-transform: scale(1);
                transform: scale(1);
            }
            100% {
                opacity: 0;
            }
        }
    </style>
</head>
<body>
<div class="table">
    <div class="table-cell">
        <div class="loader">
            <div class="bounce1"></div>
            <div class="bounce2"></div>
            <div class="bounce3"></div>
            <div class="logo"></div>
        </div>
    </div>
</div>

 <div style="display: none;">
        <form action="https://test.payu.in/_payment" id="payment_form" method="POST">
                            <input type="hidden" name="furl" value="http://localhost/foo-status">
                            <input type="hidden" name="surl" value="http://localhost/foo-status">
                            <input type="hidden" name="key" value="gtKFFx">
                            <input type="hidden" name="txnid" value="unique-transaction">
                            <input type="hidden" name="amount" value="100">
                            <input type="hidden" name="productinfo" value="Product">
                            <input type="hidden" name="firstname" value="John Doe">
                            <input type="hidden" name="email" value="john@example.com">
                            <input type="hidden" name="udf1" value="client">
                            <input type="hidden" name="hash" value="f25962918f5db41b0b4b34be02e067ee70a5b826ee7e0d71d266d692505604e8d7d0c52fb1578f404c96f22372ce3779eb41b355ff36f7d913521ef3822c1d81">
                    </form>
    </div>

    <script>
        document.getElementById('payment_form').submit();
    </script> 
</body>
</html>
